ARM Linker, 4.1 [Build 894] [Professional (MDK + RL-ARM)]

==============================================================================

Section Cross References

    main.o(.text) refers to os_task.o(.text) for OSTaskCreate
    main.o(.text) refers to stm32f4xx_gpio.o(.text) for GPIO_ToggleBits
    main.o(.text) refers to os_time.o(.text) for OSTimeDly
    main.o(.text) refers to bsp_global.o(.text) for BSP_Init
    main.o(.text) refers to appconfig.o(.text) for SCInit
    main.o(.text) refers to os_core.o(.text) for OSInit
    main.o(.text) refers to system_stm32f4xx.o(.data) for SystemCoreClock
    main.o(.text) refers to task_main.o(.bss) for Stk_Task_Main
    main.o(.text) refers to task_main.o(.text) for Task_Main
    main.o(.text) refers to task_can1.o(.bss) for Stk_Task_CO_EB
    main.o(.text) refers to task_can1.o(.text) for Task_CO_EB_Slave
    main.o(.text) refers to task_ltc.o(.bss) for Stk_Task_LTC
    main.o(.text) refers to task_ltc.o(.text) for Task_LTC
    main.o(.text) refers to task_can2.o(.bss) for Stk_Task_CAN_Send
    main.o(.text) refers to task_can2.o(.text) for Task_CANSend
    main.o(.text) refers to main.o(.data) for main_loop_count
    main.o(.text) refers to main.o(.bss) for Stk_TaskStartUp
    appbmu.o(.text) refers to memseta.o(.text) for __aeabi_memclr4
    appbmu.o(.text) refers to memcpya.o(.text) for __aeabi_memcpy4
    appbmu.o(.text) refers to appbmu.o(.bss) for bmu
    appbmu.o(.text) refers to appbmu.o(.constdata) for .constdata
    appbmu.o(.text) refers to systick.o(.text) for isDelayExp
    appbmu.o(.text) refers to uldiv.o(.text) for __aeabi_uldivmod
    appbmu.o(.text) refers to task_main.o(.bss) for sysInfo
    appbmu.o(.text) refers to appbmu.o(.data) for SOC_OCV_AjuestAllowed
    appbmu.o(.text) refers to task_main.o(.data) for vcuInfo
    appbmu.o(.text) refers to main.o(.bss) for gSysCfg
    task_can1.o(.text) refers to os_sem.o(.text) for OSSemCreate
    task_can1.o(.text) refers to eb_framework.o(.text) for ebFrameworkInit
    task_can1.o(.text) refers to co_battery.o(.text) for batApplInit
    task_can1.o(.text) refers to os_time.o(.text) for OSTimeDlyHMSM
    task_can1.o(.text) refers to co_commtask.o(.text) for coCommTask
    task_can1.o(.text) refers to codrv_cpu_generic.o(.text) for codrvTimerISR
    task_can1.o(.text) refers to task_can1.o(.data) for sem_CAN1_rec_flag
    task_adc.o(.text) refers to dfltui.o(.text) for __aeabi_ui2d
    task_adc.o(.text) refers to dmul.o(.text) for __aeabi_dmul
    task_adc.o(.text) refers to ddiv.o(.text) for __aeabi_ddiv
    task_adc.o(.text) refers to d2f.o(.text) for __aeabi_d2f
    task_adc.o(.text) refers to stm32f4xx_dma.o(.text) for DMA_Cmd
    task_adc.o(.text) refers to stm32f4xx_adc.o(.text) for ADC_SoftwareStartConv
    task_adc.o(.text) refers to task_adc.o(.data) for temp_table_JT103
    task_adc.o(.text) refers to task_adc.o(.bss) for ad_res
    task_adc.o(.text) refers to bsp_adc.o(.data) for ADC_dma_ready_flag
    task_adc.o(.text) refers to bsp_adc.o(.bss) for ADC_REV_Instant
    task_avchg.o(.text) refers to memcpya.o(.text) for __aeabi_memcpy4
    task_avchg.o(.text) refers to bsp_sci.o(.text) for U4_Send
    task_avchg.o(.text) refers to os_sem.o(.text) for OSSemCreate
    task_avchg.o(.text) refers to bsp_sci.o(.data) for U4_rec_counter
    task_avchg.o(.text) refers to bsp_sci.o(.bss) for U4_buff
    task_avchg.o(.text) refers to task_avchg.o(.constdata) for .constdata
    task_avchg.o(.text) refers to dma.o(.bss) for U4_send_data
    task_avchg.o(.text) refers to task_avchg.o(.data) for sem_U4_rec_flag
    task_eflash.o(.text) refers to sst25vf016b.o(.text) for SSTF016B_Erase
    task_eflash.o(.text) refers to flashdriver.o(.text) for df_write_open
    task_eflash.o(.text) refers to stm32f4xx_gpio.o(.text) for GPIO_SetBits
    task_eflash.o(.text) refers to os_time.o(.text) for OSTimeDlyHMSM
    task_eflash.o(.text) refers to task_main.o(.bss) for sysInfo
    task_eflash.o(.text) refers to appbmu.o(.bss) for bmu
    task_eflash.o(.text) refers to main.o(.bss) for gSysCfg
    appconfig.o(.text) refers to stm32f4xx_gpio.o(.text) for GPIO_SetBits
    appconfig.o(.text) refers to flashdriver.o(.text) for df_read_open
    appconfig.o(.text) refers to stm32f4xx_spi.o(.text) for SPI_I2S_ITConfig
    appconfig.o(.text) refers to appbmu.o(.text) for bmuInit
    appconfig.o(.text) refers to task_main.o(.bss) for sysInfo
    appconfig.o(.text) refers to main.o(.bss) for gSysCfg
    appconfig.o(.text) refers to task_main.o(.data) for vcuInfo
    appconfig.o(.text) refers to os_core.o(.data) for OSTime
    task_main.o(.text) refers to stm32f4xx_gpio.o(.text) for GPIO_SetBits
    task_main.o(.text) refers to appbmu.o(.text) for TCTableInit
    task_main.o(.text) refers to os_time.o(.text) for OSTimeDlyHMSM
    task_main.o(.text) refers to bsp_wdg.o(.text) for wdg_feed
[...]
    TIM_SetIC2Prescaler                      0x08007fa3   Thumb Code    22  stm32f4xx_tim.o(.text)
    TIM_SetIC1Prescaler                      0x08007ffd   Thumb Code    18  stm32f4xx_tim.o(.text)
    TIM_ICInit                               0x08008053   Thumb Code   110  stm32f4xx_tim.o(.text)
    TIM_ICStructInit                         0x080080c1   Thumb Code    18  stm32f4xx_tim.o(.text)
    TIM_PWMIConfig                           0x080080d3   Thumb Code   124  stm32f4xx_tim.o(.text)
    TIM_GetCapture1                          0x0800814f   Thumb Code     6  stm32f4xx_tim.o(.text)
    TIM_GetCapture2                          0x08008155   Thumb Code     6  stm32f4xx_tim.o(.text)
    TIM_GetCapture3                          0x0800815b   Thumb Code     6  stm32f4xx_tim.o(.text)
    TIM_GetCapture4                          0x08008161   Thumb Code     6  stm32f4xx_tim.o(.text)
    TIM_BDTRConfig                           0x08008167   Thumb Code    32  stm32f4xx_tim.o(.text)
    TIM_BDTRStructInit                       0x08008187   Thumb Code    18  stm32f4xx_tim.o(.text)
    TIM_CtrlPWMOutputs                       0x08008199   Thumb Code    30  stm32f4xx_tim.o(.text)
    TIM_SelectCOM                            0x080081b7   Thumb Code    24  stm32f4xx_tim.o(.text)
    TIM_CCPreloadControl                     0x080081cf   Thumb Code    24  stm32f4xx_tim.o(.text)
    TIM_ITConfig                             0x080081e7   Thumb Code    24  stm32f4xx_tim.o(.text)
    TIM_GenerateEvent                        0x080081ff   Thumb Code     4  stm32f4xx_tim.o(.text)
    TIM_GetFlagStatus                        0x08008203   Thumb Code    18  stm32f4xx_tim.o(.text)
    TIM_ClearFlag                            0x08008215   Thumb Code     6  stm32f4xx_tim.o(.text)
    TIM_GetITStatus                          0x0800821b   Thumb Code    38  stm32f4xx_tim.o(.text)
    TIM_ClearITPendingBit                    0x08008241   Thumb Code     6  stm32f4xx_tim.o(.text)
    TIM_DMAConfig                            0x08008247   Thumb Code    10  stm32f4xx_tim.o(.text)
    TIM_DMACmd                               0x08008251   Thumb Code    24  stm32f4xx_tim.o(.text)
    TIM_SelectCCDMA                          0x08008269   Thumb Code    24  stm32f4xx_tim.o(.text)
    TIM_InternalClockConfig                  0x08008281   Thumb Code    12  stm32f4xx_tim.o(.text)
    TIM_SelectInputTrigger                   0x0800828d   Thumb Code    18  stm32f4xx_tim.o(.text)
    TIM_ITRxExternalClockConfig              0x0800829f   Thumb Code    24  stm32f4xx_tim.o(.text)
    TIM_TIxExternalClockConfig               0x080082b7   Thumb Code    62  stm32f4xx_tim.o(.text)
    TIM_ETRConfig                            0x080082f5   Thumb Code    26  stm32f4xx_tim.o(.text)
    TIM_ETRClockMode1Config                  0x0800830f   Thumb Code    54  stm32f4xx_tim.o(.text)
    TIM_ETRClockMode2Config                  0x08008345   Thumb Code    32  stm32f4xx_tim.o(.text)
    TIM_SelectOutputTrigger                  0x08008365   Thumb Code    18  stm32f4xx_tim.o(.text)
    TIM_SelectSlaveMode                      0x08008377   Thumb Code    18  stm32f4xx_tim.o(.text)
    TIM_SelectMasterSlaveMode                0x08008389   Thumb Code    18  stm32f4xx_tim.o(.text)
    TIM_EncoderInterfaceConfig               0x0800839b   Thumb Code    64  stm32f4xx_tim.o(.text)
    TIM_SelectHallSensor                     0x080083db   Thumb Code    24  stm32f4xx_tim.o(.text)
    TIM_RemapConfig                          0x080083f3   Thumb Code     6  stm32f4xx_tim.o(.text)
    USART_DeInit                             0x080083f9   Thumb Code   156  stm32f4xx_usart.o(.text)
    USART_Init                               0x08008495   Thumb Code   204  stm32f4xx_usart.o(.text)
    USART_StructInit                         0x08008561   Thumb Code    24  stm32f4xx_usart.o(.text)
    USART_ClockInit                          0x08008579   Thumb Code    32  stm32f4xx_usart.o(.text)
    USART_ClockStructInit                    0x08008599   Thumb Code    12  stm32f4xx_usart.o(.text)
    USART_Cmd                                0x080085a5   Thumb Code    24  stm32f4xx_usart.o(.text)
    USART_SetPrescaler                       0x080085bd   Thumb Code    16  stm32f4xx_usart.o(.text)
    USART_OverSampling8Cmd                   0x080085cd   Thumb Code    22  stm32f4xx_usart.o(.text)
    USART_OneBitMethodCmd                    0x080085e3   Thumb Code    24  stm32f4xx_usart.o(.text)
    USART_SendData                           0x080085fb   Thumb Code     8  stm32f4xx_usart.o(.text)
    USART_ReceiveData                        0x08008603   Thumb Code    10  stm32f4xx_usart.o(.text)
    USART_SetAddress                         0x0800860d   Thumb Code    18  stm32f4xx_usart.o(.text)
    USART_ReceiverWakeUpCmd                  0x0800861f   Thumb Code    24  stm32f4xx_usart.o(.text)
    USART_WakeUpConfig                       0x08008637   Thumb Code    18  stm32f4xx_usart.o(.text)
    USART_LINBreakDetectLengthConfig         0x08008649   Thumb Code    18  stm32f4xx_usart.o(.text)
    USART_LINCmd                             0x0800865b   Thumb Code    24  stm32f4xx_usart.o(.text)
    USART_SendBreak                          0x08008673   Thumb Code    10  stm32f4xx_usart.o(.text)
    USART_HalfDuplexCmd                      0x0800867d   Thumb Code    24  stm32f4xx_usart.o(.text)
    USART_SetGuardTime                       0x08008695   Thumb Code    16  stm32f4xx_usart.o(.text)
    USART_SmartCardCmd                       0x080086a5   Thumb Code    24  stm32f4xx_usart.o(.text)
    USART_SmartCardNACKCmd                   0x080086bd   Thumb Code    24  stm32f4xx_usart.o(.text)
    USART_IrDAConfig                         0x080086d5   Thumb Code    18  stm32f4xx_usart.o(.text)
    USART_IrDACmd                            0x080086e7   Thumb Code    24  stm32f4xx_usart.o(.text)
    USART_DMACmd                             0x080086ff   Thumb Code    24  stm32f4xx_usart.o(.text)
    USART_ITConfig                           0x08008717   Thumb Code    74  stm32f4xx_usart.o(.text)
    USART_GetFlagStatus                      0x08008761   Thumb Code    26  stm32f4xx_usart.o(.text)
    USART_ClearFlag                          0x0800877b   Thumb Code    18  stm32f4xx_usart.o(.text)
    USART_GetITStatus                        0x0800878d   Thumb Code   112  stm32f4xx_usart.o(.text)
    USART_ClearITPendingBit                  0x080087fd   Thumb Code    30  stm32f4xx_usart.o(.text)
    Reset_Handler                            0x0800881d   Thumb Code     8  startup_stm32f4xx.o(.text)
    NMI_Handler                              0x08008825   Thumb Code     2  startup_stm32f4xx.o(.text)
    HardFault_Handler                        0x08008827   Thumb Code     2  startup_stm32f4xx.o(.text)
    MemManage_Handler                        0x08008829   Thumb Code     2  startup_stm32f4xx.o(.text)
    BusFault_Handler                         0x0800882b   Thumb Code     2  startup_stm32f4xx.o(.text)
    UsageFault_Handler                       0x0800882d   Thumb Code     2  startup_stm32f4xx.o(.text)
    SVC_Handler                              0x0800882f   Thumb Code     2  startup_stm32f4xx.o(.text)
    DebugMon_Handler                         0x08008831   Thumb Code     2  startup_stm32f4xx.o(.text)
    ADC_IRQHandler                           0x08008837   Thumb Code     0  startup_stm32f4xx.o(.text)
    CAN1_RX1_IRQHandler                      0x08008837   Thumb Code     0  startup_stm32f4xx.o(.text)
    CAN1_SCE_IRQHandler                      0x08008837   Thumb Code     0  startup_stm32f4xx.o(.text)
    CAN1_TX_IRQHandler                       0x08008837   Thumb Code     0  startup_stm32f4xx.o(.text)
    CAN2_RX0_IRQHandler                      0x08008837   Thumb Code     0  startup_stm32f4xx.o(.text)
    CAN2_RX1_IRQHandler                      0x08008837   Thumb Code     0  startup_stm32f4xx.o(.text)
    CAN2_SCE_IRQHandler                      0x08008837   Thumb Code     0  startup_stm32f4xx.o(.text)
    CAN2_TX_IRQHandler                       0x08008837   Thumb Code     0  startup_stm32f4xx.o(.text)
    CRYP_IRQHandler                          0x08008837   Thumb Code     0  startup_stm32f4xx.o(.text)
    DCMI_IRQHandler                          0x08008837   Thumb Code     0  startup_stm32f4xx.o(.text)
    DMA1_Stream0_IRQHandler                  0x08008837   Thumb Code     0  startup_stm32f4xx.o(.text)
    DMA1_Stream1_IRQHandler                  0x08008837   Thumb Code     0  startup_stm32f4xx.o(.text)
    DMA1_Stream2_IRQHandler                  0x08008837   Thumb Code     0  startup_stm32f4xx.o(.text)
    DMA1_Stream3_IRQHandler                  0x08008837   Thumb Code     0  startup_stm32f4xx.o(.text)
    DMA1_Stream4_IRQHandler                  0x08008837   Thumb Code     0  startup_stm32f4xx.o(.text)
    DMA1_Stream5_IRQHandler                  0x08008837   Thumb Code     0  startup_stm32f4xx.o(.text)
    DMA1_Stream6_IRQHandler                  0x08008837   Thumb Code     0  startup_stm32f4xx.o(.text)
    DMA1_Stream7_IRQHandler                  0x08008837   Thumb Code     0  startup_stm32f4xx.o(.text)
    DMA2_Stream1_IRQHandler                  0x08008837   Thumb Code     0  startup_stm32f4xx.o(.text)
    DMA2_Stream2_IRQHandler                  0x08008837   Thumb Code     0  startup_stm32f4xx.o(.text)
    DMA2_Stream3_IRQHandler                  0x08008837   Thumb Code     0  startup_stm32f4xx.o(.text)
    DMA2_Stream5_IRQHandler                  0x08008837   Thumb Code     0  startup_stm32f4xx.o(.text)
    ETH_IRQHandler                           0x08008837   Thumb Code     0  startup_stm32f4xx.o(.text)
    ETH_WKUP_IRQHandler                      0x08008837   Thumb Code     0  startup_stm32f4xx.o(.text)
    EXTI0_IRQHandler                         0x08008837   Thumb Code     0  startup_stm32f4xx.o(.text)
    EXTI15_10_IRQHandler                     0x08008837   Thumb Code     0  startup_stm32f4xx.o(.text)
    EXTI1_IRQHandler                         0x08008837   Thumb Code     0  startup_stm32f4xx.o(.text)
    EXTI2_IRQHandler                         0x08008837   Thumb Code     0  startup_stm32f4xx.o(.text)
    EXTI3_IRQHandler                         0x08008837   Thumb Code     0  startup_stm32f4xx.o(.text)
    EXTI4_IRQHandler                         0x08008837   Thumb Code     0  startup_stm32f4xx.o(.text)
    EXTI9_5_IRQHandler                       0x08008837   Thumb Code     0  startup_stm32f4xx.o(.text)
    FLASH_IRQHandler                         0x08008837   Thumb Code     0  startup_stm32f4xx.o(.text)
    FPU_IRQHandler                           0x08008837   Thumb Code     0  startup_stm32f4xx.o(.text)
    FSMC_IRQHandler                          0x08008837   Thumb Code     0  startup_stm32f4xx.o(.text)
    HASH_RNG_IRQHandler                      0x08008837   Thumb Code     0  startup_stm32f4xx.o(.text)
    I2C1_ER_IRQHandler                       0x08008837   Thumb Code     0  startup_stm32f4xx.o(.text)
    I2C1_EV_IRQHandler                       0x08008837   Thumb Code     0  startup_stm32f4xx.o(.text)
    I2C2_ER_IRQHandler                       0x08008837   Thumb Code     0  startup_stm32f4xx.o(.text)
    I2C2_EV_IRQHandler                       0x08008837   Thumb Code     0  startup_stm32f4xx.o(.text)
    I2C3_ER_IRQHandler                       0x08008837   Thumb Code     0  startup_stm32f4xx.o(.text)
    I2C3_EV_IRQHandler                       0x08008837   Thumb Code     0  startup_stm32f4xx.o(.text)
    OTG_FS_IRQHandler                        0x08008837   Thumb Code     0  startup_stm32f4xx.o(.text)
    OTG_FS_WKUP_IRQHandler                   0x08008837   Thumb Code     0  startup_stm32f4xx.o(.text)
    OTG_HS_EP1_IN_IRQHandler                 0x08008837   Thumb Code     0  startup_stm32f4xx.o(.text)
    OTG_HS_EP1_OUT_IRQHandler                0x08008837   Thumb Code     0  startup_stm32f4xx.o(.text)
    OTG_HS_IRQHandler                        0x08008837   Thumb Code     0  startup_stm32f4xx.o(.text)
    OTG_HS_WKUP_IRQHandler                   0x08008837   Thumb Code     0  startup_stm32f4xx.o(.text)
    PVD_IRQHandler                           0x08008837   Thumb Code     0  startup_stm32f4xx.o(.text)
    RCC_IRQHandler                           0x08008837   Thumb Code     0  startup_stm32f4xx.o(.text)
    RTC_Alarm_IRQHandler                     0x08008837   Thumb Code     0  startup_stm32f4xx.o(.text)
    RTC_WKUP_IRQHandler                      0x08008837   Thumb Code     0  startup_stm32f4xx.o(.text)
    SDIO_IRQHandler                          0x08008837   Thumb Code     0  startup_stm32f4xx.o(.text)
    SPI1_IRQHandler                          0x08008837   Thumb Code     0  startup_stm32f4xx.o(.text)
    SPI3_IRQHandler                          0x08008837   Thumb Code     0  startup_stm32f4xx.o(.text)
    TAMP_STAMP_IRQHandler                    0x08008837   Thumb Code     0  startup_stm32f4xx.o(.text)
    TIM1_BRK_TIM9_IRQHandler                 0x08008837   Thumb Code     0  startup_stm32f4xx.o(.text)
    TIM1_CC_IRQHandler                       0x08008837   Thumb Code     0  startup_stm32f4xx.o(.text)
    TIM1_TRG_COM_TIM11_IRQHandler            0x08008837   Thumb Code     0  startup_stm32f4xx.o(.text)
    TIM1_UP_TIM10_IRQHandler                 0x08008837   Thumb Code     0  startup_stm32f4xx.o(.text)
    TIM2_IRQHandler                          0x08008837   Thumb Code     0  startup_stm32f4xx.o(.text)
    TIM4_IRQHandler                          0x08008837   Thumb Code     0  startup_stm32f4xx.o(.text)
    TIM5_IRQHandler                          0x08008837   Thumb Code     0  startup_stm32f4xx.o(.text)
    TIM6_DAC_IRQHandler                      0x08008837   Thumb Code     0  startup_stm32f4xx.o(.text)
    TIM7_IRQHandler                          0x08008837   Thumb Code     0  startup_stm32f4xx.o(.text)
    TIM8_BRK_TIM12_IRQHandler                0x08008837   Thumb Code     0  startup_stm32f4xx.o(.text)
    TIM8_CC_IRQHandler                       0x08008837   Thumb Code     0  startup_stm32f4xx.o(.text)
    TIM8_TRG_COM_TIM14_IRQHandler            0x08008837   Thumb Code     0  startup_stm32f4xx.o(.text)
    TIM8_UP_TIM13_IRQHandler                 0x08008837   Thumb Code     0  startup_stm32f4xx.o(.text)
    UART5_IRQHandler                         0x08008837   Thumb Code     0  startup_stm32f4xx.o(.text)
    USART2_IRQHandler                        0x08008837   Thumb Code     0  startup_stm32f4xx.o(.text)
    USART3_IRQHandler                        0x08008837   Thumb Code     0  startup_stm32f4xx.o(.text)
    USART6_IRQHandler                        0x08008837   Thumb Code     0  startup_stm32f4xx.o(.text)
    WWDG_IRQHandler                          0x08008837   Thumb Code     0  startup_stm32f4xx.o(.text)
    SystemInit                               0x08008917   Thumb Code    88  system_stm32f4xx.o(.text)
    SystemCoreClockUpdate                    0x0800896f   Thumb Code   178  system_stm32f4xx.o(.text)
    OS_CPU_SR_Save                           0x08008a4d   Thumb Code     0  os_cpu_a.o(.text)
    OS_CPU_SR_Restore                        0x08008a55   Thumb Code     0  os_cpu_a.o(.text)
    OSStartHighRdy                           0x08008a5b   Thumb Code     0  os_cpu_a.o(.text)
    OSCtxSw                                  0x08008a7b   Thumb Code     0  os_cpu_a.o(.text)
    OSIntCtxSw                               0x08008a85   Thumb Code     0  os_cpu_a.o(.text)
    OS_CPU_PendSVHandler                     0x08008a8f   Thumb Code     0  os_cpu_a.o(.text)
    CPU_IntDisable                           0x08008ae9   Thumb Code     0  os_cpu_a.o(.text)
    CPU_IntEnable                            0x08008aed   Thumb Code     0  os_cpu_a.o(.text)
    OSInitHookBegin                          0x08008b11   Thumb Code     8  os_cpu_c.o(.text)
    OSInitHookEnd                            0x08008b19   Thumb Code     8  os_cpu_c.o(.text)
    OSTaskCreateHook                         0x08008b21   Thumb Code     2  os_cpu_c.o(.text)
    OSTaskDelHook                            0x08008b23   Thumb Code     2  os_cpu_c.o(.text)
    OSTaskIdleHook                           0x08008b25   Thumb Code     2  os_cpu_c.o(.text)
    OSTaskReturnHook                         0x08008b27   Thumb Code     2  os_cpu_c.o(.text)
    OSTaskStatHook                           0x08008b29   Thumb Code     2  os_cpu_c.o(.text)
    OSTaskStkInit                            0x08008b2b   Thumb Code   212  os_cpu_c.o(.text)
    OSTaskSwHook                             0x08008bff   Thumb Code     2  os_cpu_c.o(.text)
    OSTCBInitHook                            0x08008c01   Thumb Code     2  os_cpu_c.o(.text)
    OS_CPU_SysTickHandler                    0x08008c03   Thumb Code    34  os_cpu_c.o(.text)
    OS_CPU_SysTickInit                       0x08008c25   Thumb Code    42  os_cpu_c.o(.text)
    OS_StrLen                                0x08008c5d   Thumb Code    20  os_core.o(.text)
    OSEventNameGet                           0x08008c71   Thumb Code    98  os_core.o(.text)
    OSEventNameSet                           0x08008cd3   Thumb Code    84  os_core.o(.text)
    OS_EventTaskRemoveMulti                  0x08008d27   Thumb Code    60  os_core.o(.text)
    OS_Sched                                 0x08008d7d   Thumb Code    88  os_core.o(.text)
    OS_EventTaskWaitMulti                    0x08008dd5   Thumb Code   136  os_core.o(.text)
    OSEventPendMulti                         0x08008e5d   Thumb Code   710  os_core.o(.text)
    OS_TaskStatStkChk                        0x08009123   Thumb Code    54  os_core.o(.text)
    OS_TaskStat                              0x08009159   Thumb Code   114  os_core.o(.text)
    OS_TaskIdle                              0x080091ff   Thumb Code    32  os_core.o(.text)
    OS_MemClr                                0x08009253   Thumb Code    18  os_core.o(.text)
    OSInit                                   0x08009343   Thumb Code    48  os_core.o(.text)
    OSIntEnter                               0x08009373   Thumb Code    44  os_core.o(.text)
    OSIntExit                                0x0800939f   Thumb Code   112  os_core.o(.text)
    OSSchedLock                              0x0800940f   Thumb Code    50  os_core.o(.text)
    OSSchedUnlock                            0x08009441   Thumb Code   228  os_core.o(.text)
    OSStart                                  0x08009525   Thumb Code    48  os_core.o(.text)
    OSStatInit                               0x08009555   Thumb Code    62  os_core.o(.text)
    OSTimeTick                               0x08009593   Thumb Code   214  os_core.o(.text)
    OSVersion                                0x08009669   Thumb Code     6  os_core.o(.text)
    OS_Dummy                                 0x0800966f   Thumb Code     2  os_core.o(.text)
    OS_EventTaskRemove                       0x08009671   Thumb Code    42  os_core.o(.text)
    OS_EventTaskRdy                          0x0800969b   Thumb Code   132  os_core.o(.text)
    OS_EventTaskWait                         0x0800971f   Thumb Code   112  os_core.o(.text)
    OS_EventWaitListInit                     0x0800978f   Thumb Code    28  os_core.o(.text)
    OS_MemCopy                               0x080097ab   Thumb Code    20  os_core.o(.text)
    OS_TCBInit                               0x080097bf   Thumb Code   394  os_core.o(.text)
    OSFlagAccept                             0x08009949   Thumb Code   252  os_flag.o(.text)
    OSFlagCreate                             0x08009a45   Thumb Code    86  os_flag.o(.text)
    OS_FlagUnlink                            0x08009a9b   Thumb Code    36  os_flag.o(.text)
    OSFlagDel                                0x08009b1f   Thumb Code   214  os_flag.o(.text)
    OSFlagNameGet                            0x08009bf5   Thumb Code    80  os_flag.o(.text)
    OSFlagNameSet                            0x08009c45   Thumb Code    66  os_flag.o(.text)
    OSFlagPend                               0x08009d0b   Thumb Code   614  os_flag.o(.text)
    OSFlagPendGetFlagsRdy                    0x08009f71   Thumb Code    26  os_flag.o(.text)
    OSFlagPost                               0x08009f8b   Thumb Code   312  os_flag.o(.text)
    OSFlagQuery                              0x0800a0c3   Thumb Code    48  os_flag.o(.text)
    OS_FlagInit                              0x0800a0f3   Thumb Code    64  os_flag.o(.text)
    OSMemCreate                              0x0800a141   Thumb Code   114  os_mem.o(.text)
    OSMemGet                                 0x0800a1b3   Thumb Code    62  os_mem.o(.text)
    OSMemNameGet                             0x0800a1f1   Thumb Code    60  os_mem.o(.text)
    OSMemNameSet                             0x0800a22d   Thumb Code    48  os_mem.o(.text)
    OSMemPut                                 0x0800a25d   Thumb Code    54  os_mem.o(.text)
    OSMemQuery                               0x0800a293   Thumb Code    52  os_mem.o(.text)
    OS_MemInit                               0x0800a2c7   Thumb Code    60  os_mem.o(.text)
    OSQAccept                                0x0800a315   Thumb Code    88  os_q.o(.text)
    OSQCreate                                0x0800a36d   Thumb Code   144  os_q.o(.text)
    OSQDel                                   0x0800a3fd   Thumb Code   244  os_q.o(.text)
    OSQFlush                                 0x0800a4f1   Thumb Code    36  os_q.o(.text)
    OSQPend                                  0x0800a515   Thumb Code   278  os_q.o(.text)
    OSQPendAbort                             0x0800a62b   Thumb Code   128  os_q.o(.text)
    OSQPost                                  0x0800a6ab   Thumb Code   114  os_q.o(.text)
    OSQPostFront                             0x0800a71d   Thumb Code   142  os_q.o(.text)
    OSQPostOpt                               0x0800a7ab   Thumb Code   182  os_q.o(.text)
    OSQQuery                                 0x0800a861   Thumb Code    98  os_q.o(.text)
    OS_QInit                                 0x0800a8c3   Thumb Code    46  os_q.o(.text)
    OSSemAccept                              0x0800a8f9   Thumb Code    42  os_sem.o(.text)
    OSSemCreate                              0x0800a923   Thumb Code    72  os_sem.o(.text)
    OSSemDel                                 0x0800a96b   Thumb Code   210  os_sem.o(.text)
    OSSemPend                                0x0800aa3d   Thumb Code   228  os_sem.o(.text)
    OSSemPendAbort                           0x0800ab21   Thumb Code   128  os_sem.o(.text)
    OSSemPost                                0x0800aba1   Thumb Code    88  os_sem.o(.text)
    OSSemQuery                               0x0800abf9   Thumb Code    82  os_sem.o(.text)
    OSSemSet                                 0x0800ac4b   Thumb Code    66  os_sem.o(.text)
    OSTaskChangePrio                         0x0800aca1   Thumb Code   390  os_task.o(.text)
    OSTaskCreate                             0x0800ae27   Thumb Code   148  os_task.o(.text)
    OS_TaskStkClr                            0x0800aebb   Thumb Code    26  os_task.o(.text)
    OSTaskCreateExt                          0x0800aed5   Thumb Code   184  os_task.o(.text)
    OSTaskDel                                0x0800af8d   Thumb Code   344  os_task.o(.text)
    OSTaskDelReq                             0x0800b0e5   Thumb Code   100  os_task.o(.text)
    OSTaskNameGet                            0x0800b149   Thumb Code   114  os_task.o(.text)
    OSTaskNameSet                            0x0800b1bb   Thumb Code    98  os_task.o(.text)
    OSTaskResume                             0x0800b21d   Thumb Code   160  os_task.o(.text)
    OSTaskStkChk                             0x0800b2bd   Thumb Code   132  os_task.o(.text)
    OSTaskSuspend                            0x0800b341   Thumb Code   152  os_task.o(.text)
    OSTaskQuery                              0x0800b3d9   Thumb Code    82  os_task.o(.text)
    OSTaskRegGet                             0x0800b42b   Thumb Code    60  os_task.o(.text)
    OSTaskRegSet                             0x0800b467   Thumb Code    94  os_task.o(.text)
    OS_TaskReturn                            0x0800b4c5   Thumb Code    18  os_task.o(.text)
    OSTimeDly                                0x0800b4dd   Thumb Code    92  os_time.o(.text)
    OSTimeDlyHMSM                            0x0800b539   Thumb Code    78  os_time.o(.text)
    OSTimeDlyResume                          0x0800b587   Thumb Code   176  os_time.o(.text)
    OSTimeGet                                0x0800b637   Thumb Code    24  os_time.o(.text)
    OSTimeSet                                0x0800b64f   Thumb Code    24  os_time.o(.text)
    SysTick_Configuration                    0x0800b681   Thumb Code    92  systick.o(.text)
    Time_Update                              0x0800b6dd   Thumb Code     2  systick.o(.text)
    TimingDelay_Decrement                    0x0800b6df   Thumb Code    18  systick.o(.text)
    timeDiff                                 0x0800b6f1   Thumb Code    16  systick.o(.text)
    isDelayExp                               0x0800b701   Thumb Code    38  systick.o(.text)
    TIM_Configuration                        0x0800b739   Thumb Code   214  timer.o(.text)
    TIM3_IRQHandler                          0x0800b80f   Thumb Code   154  timer.o(.text)
    icoCobCreate                             0x0800b8c5   Thumb Code   184  co_cobhandler.o(.text)
    icoCobSet                                0x0800b97d   Thumb Code   104  co_cobhandler.o(.text)
    icoCobChangeType                         0x0800b9e5   Thumb Code    34  co_cobhandler.o(.text)
    icoCobSetInhibit                         0x0800ba07   Thumb Code    46  co_cobhandler.o(.text)
    icoCobSetIgnore                          0x0800ba35   Thumb Code    34  co_cobhandler.o(.text)
    icoCobGet                                0x0800ba57   Thumb Code    78  co_cobhandler.o(.text)
    icoCobEnable                             0x0800baa5   Thumb Code    36  co_cobhandler.o(.text)
    icoCobDisable                            0x0800bac9   Thumb Code    36  co_cobhandler.o(.text)
    icoCobGetPointer                         0x0800baed   Thumb Code    30  co_cobhandler.o(.text)
    icoCobCheck                              0x0800bb0b   Thumb Code   100  co_cobhandler.o(.text)
    icoCobDisableAll                         0x0800bb6f   Thumb Code    26  co_cobhandler.o(.text)
    icoCheckRestrictedCobs                   0x0800bb89   Thumb Code    54  co_cobhandler.o(.text)
    icoCobHandlerVarInit                     0x0800bbbf   Thumb Code     8  co_cobhandler.o(.text)
    coCommTask                               0x0800bc9b   Thumb Code    16  co_commtask.o(.text)
    coCommTaskSet                            0x0800bcab   Thumb Code    40  co_commtask.o(.text)
    coCommStateEvent                         0x0800bcd3   Thumb Code   202  co_commtask.o(.text)
    icoCommTaskVarInit                       0x0800bd9d   Thumb Code    42  co_commtask.o(.text)
    coEventRegister_CAN_STATE                0x0800bdc7   Thumb Code    36  co_commtask.o(.text)
    coEventRegister_COMM_EVENT               0x0800bdeb   Thumb Code    36  co_commtask.o(.text)
    coEmcyWriteReq                           0x0800be3d   Thumb Code   268  co_emcy.o(.text)
    icoEmcyWriteReq                          0x0800bf49   Thumb Code    20  co_emcy.o(.text)
    icoEmcyGetObjectAddr                     0x0800bf5d   Thumb Code    66  co_emcy.o(.text)
    icoEmcyCheckObjLimitCobid                0x0800bf9f   Thumb Code    76  co_emcy.o(.text)
    icoEmcyObjChanged                        0x0800bfeb   Thumb Code    78  co_emcy.o(.text)
    icoEmcyCheckObjLimitHist                 0x0800c039   Thumb Code    22  co_emcy.o(.text)
    icoEmcyReset                             0x0800c04f   Thumb Code    20  co_emcy.o(.text)
    icoEmcyProducerSetDefaultValue           0x0800c063   Thumb Code    86  co_emcy.o(.text)
    coEmcyProducerInit                       0x0800c0b9   Thumb Code    36  co_emcy.o(.text)
    icoEmcyVarInit                           0x0800c0dd   Thumb Code    26  co_emcy.o(.text)
    coHbConsumerSet                          0x0800c173   Thumb Code   138  co_errctrl.o(.text)
    icoErrorBehavior                         0x0800c1fd   Thumb Code    44  co_errctrl.o(.text)
    icoErrCtrlInd                            0x0800c229   Thumb Code    42  co_errctrl.o(.text)
    coHbConsumerStart                        0x0800c279   Thumb Code   116  co_errctrl.o(.text)
    icoHbProdStart                           0x0800c309   Thumb Code    56  co_errctrl.o(.text)
    icoNmtErrorCtrlHandler                   0x0800c341   Thumb Code   264  co_errctrl.o(.text)
    coNmtGetRemoteNodeState                  0x0800c449   Thumb Code    80  co_errctrl.o(.text)
    icoErrCtrlGetObjectAddr                  0x0800c499   Thumb Code    58  co_errctrl.o(.text)
    icoErrCtrlCheckObjLimit                  0x0800c4d3   Thumb Code   134  co_errctrl.o(.text)
    icoErrCtrlObjChanged                     0x0800c559   Thumb Code    50  co_errctrl.o(.text)
    coEventRegister_ERRCTRL                  0x0800c58b   Thumb Code    36  co_errctrl.o(.text)
    icoErrorCtrlReset                        0x0800c5af   Thumb Code    76  co_errctrl.o(.text)
    icoErrorCtrlSetDefaultValue              0x0800c5fb   Thumb Code   104  co_errctrl.o(.text)
    icoErrorCtrlVarInit                      0x0800c663   Thumb Code    56  co_errctrl.o(.text)
    coErrorCtrlInit                          0x0800c69b   Thumb Code   120  co_errctrl.o(.text)
    icoEventStart                            0x0800c72d   Thumb Code    58  co_event.o(.text)
    icoEventIsActive                         0x0800c767   Thumb Code    26  co_event.o(.text)
    icoEventCheck                            0x0800c781   Thumb Code    40  co_event.o(.text)
    icoEventInit                             0x0800c7a9   Thumb Code     8  co_event.o(.text)
    coLssNonConfigSlave                      0x0800cdab   Thumb Code    46  co_lss.o(.text)
    icoLssHandler                            0x0800cdd9   Thumb Code   226  co_lss.o(.text)
    coEventRegister_LSS                      0x0800cebb   Thumb Code    36  co_lss.o(.text)
    icoLssReset                              0x0800cedf   Thumb Code    44  co_lss.o(.text)
    icoLssResetNodeId                        0x0800cf0b   Thumb Code    18  co_lss.o(.text)
    icoLssResetAppl                          0x0800cf1d   Thumb Code    12  co_lss.o(.text)
    icoLssVarInit                            0x0800cf29   Thumb Code    26  co_lss.o(.text)
    coLssInit                                0x0800cf43   Thumb Code    76  co_lss.o(.text)
    icoNmtStateChange                        0x0800cfb9   Thumb Code   124  co_nmt.o(.text)
    icoNmtPersistantNodeIdGet                0x0800d055   Thumb Code    22  co_nmt.o(.text)
    icoNmtMsgHandler                         0x0800d11f   Thumb Code   170  co_nmt.o(.text)
    coEventRegister_NMT                      0x0800d1c9   Thumb Code    36  co_nmt.o(.text)
    coNmtGetNodeId                           0x0800d1ed   Thumb Code     6  co_nmt.o(.text)
    icoNmtGetCob                             0x0800d1f3   Thumb Code     6  co_nmt.o(.text)
    icoNmtResetNodeId                        0x0800d1f9   Thumb Code    36  co_nmt.o(.text)
    coNmtGetState                            0x0800d21d   Thumb Code     6  co_nmt.o(.text)
    coNmtLocalStateReq                       0x0800d223   Thumb Code    96  co_nmt.o(.text)
    icoNmtVarInit                            0x0800d283   Thumb Code    40  co_nmt.o(.text)
    coNmtInit                                0x0800d2ab   Thumb Code    86  co_nmt.o(.text)
    coNumMemcpyPack                          0x0800d31d   Thumb Code    58  co_odaccess.o(.text)
    coNumMemcpyUnpack                        0x0800d357   Thumb Code    52  co_odaccess.o(.text)
    coNumMemcpy                              0x0800d38b   Thumb Code    34  co_odaccess.o(.text)
    icoEventObjectChanged                    0x0800d3ad   Thumb Code   156  co_odaccess.o(.text)
    coOdGetObjSize                           0x0800d449   Thumb Code   466  co_odaccess.o(.text)
    icoOdPutObj                              0x0800d925   Thumb Code   218  co_odaccess.o(.text)
    coOdGetObjDescPtr                        0x0800dbdd   Thumb Code    94  co_odaccess.o(.text)
    coOdPutObj_u32                           0x0800dc3b   Thumb Code   222  co_odaccess.o(.text)
    coOdSetCobid                             0x0800dd19   Thumb Code    44  co_odaccess.o(.text)
    coOdGetObjAddr                           0x0800dd45   Thumb Code    36  co_odaccess.o(.text)
    icoOdGetObj                              0x0800de3d   Thumb Code   132  co_odaccess.o(.text)
    coOdGetObj_u8                            0x0800dec1   Thumb Code   176  co_odaccess.o(.text)
    coOdGetObj_u16                           0x0800df71   Thumb Code   132  co_odaccess.o(.text)
    coOdGetObj_u32                           0x0800dff5   Thumb Code   212  co_odaccess.o(.text)
    coOdGetObj_i8                            0x0800e0c9   Thumb Code    82  co_odaccess.o(.text)
    coOdGetObj_i16                           0x0800e11b   Thumb Code    82  co_odaccess.o(.text)
    coOdGetObj_i32                           0x0800e16d   Thumb Code    82  co_odaccess.o(.text)
    coOdGetObj_r32                           0x0800e1bf   Thumb Code    82  co_odaccess.o(.text)
    coOdPutObj_u8                            0x0800e2e3   Thumb Code   228  co_odaccess.o(.text)
    coOdPutObj_u16                           0x0800e479   Thumb Code   180  co_odaccess.o(.text)
    coOdPutObj_i8                            0x0800e52d   Thumb Code    98  co_odaccess.o(.text)
    coOdPutObj_i16                           0x0800e58f   Thumb Code    98  co_odaccess.o(.text)
    coOdPutObj_i32                           0x0800e5f1   Thumb Code   110  co_odaccess.o(.text)
    coOdPutObj_r32                           0x0800e65f   Thumb Code   102  co_odaccess.o(.text)
    coOdGetObjAttribute                      0x0800e6c5   Thumb Code     6  co_odaccess.o(.text)
    coOdDomainAddrSet                        0x0800e6cb   Thumb Code    72  co_odaccess.o(.text)
    coOdVisStringSet                         0x0800e713   Thumb Code    72  co_odaccess.o(.text)
    icoOdCheckObjLimits                      0x0800e8bd   Thumb Code   280  co_odaccess.o(.text)
    icoOdGetObjRecMapData                    0x0800e9d5   Thumb Code   180  co_odaccess.o(.text)
    icoOdGetObjTrMapData                     0x0800ea89   Thumb Code   148  co_odaccess.o(.text)
    icoOdCheckObjAttr                        0x0800eb1d   Thumb Code    60  co_odaccess.o(.text)
    coOdGetDefaultVal_u8                     0x0800eb59   Thumb Code   148  co_odaccess.o(.text)
    coOdGetDefaultVal_u16                    0x0800ebed   Thumb Code   114  co_odaccess.o(.text)
    coOdGetDefaultVal_u32                    0x0800ec5f   Thumb Code   158  co_odaccess.o(.text)
    icoOdGetNumberOfSubs                     0x0800ecfd   Thumb Code    46  co_odaccess.o(.text)
    icoOdSetLoadParaState                    0x0800ed2b   Thumb Code     6  co_odaccess.o(.text)
    icoOdReset                               0x0800ed31   Thumb Code   862  co_odaccess.o(.text)
    icoOdAccessVarInit                       0x0800f08f   Thumb Code   124  co_odaccess.o(.text)
    coOdInitOdPtr                            0x0800f10b   Thumb Code   336  co_odaccess.o(.text)
    icoPdoSearchTrPdoIndex                   0x0800f36d   Thumb Code    52  co_pdo.o(.text)
    coPdoReqNr                               0x0800f3a1   Thumb Code   104  co_pdo.o(.text)
    coPdoReqObj                              0x0800f409   Thumb Code   166  co_pdo.o(.text)
    icoPdoRtrHandler                         0x0800f4af   Thumb Code    76  co_pdo.o(.text)
    icoPdoSyncHandling                       0x0800f4fb   Thumb Code   154  co_pdo.o(.text)
    icoTrPdoGetObjectAddr                    0x0800f595   Thumb Code    74  co_pdo.o(.text)
    icoTrMapGetObjectAddr                    0x0800f5df   Thumb Code    54  co_pdo.o(.text)
    icoTrMapGetObjectAddr_R                  0x0800f615   Thumb Code    54  co_pdo.o(.text)
    icoTrPdoCheckObjLimit_u8                 0x0800f64b   Thumb Code    76  co_pdo.o(.text)
    icoTrPdoCheckObjLimit_u16                0x0800f697   Thumb Code    52  co_pdo.o(.text)
    icoTrPdoCheckObjLimitCobid               0x0800f6cb   Thumb Code    78  co_pdo.o(.text)
    icoTrMapCheckObjLimitMapTable            0x0800f7c9   Thumb Code    72  co_pdo.o(.text)
    icoTrMapCheckObjLimitMapEntry            0x0800f811   Thumb Code    76  co_pdo.o(.text)
    icoTrPdoObjChanged                       0x0800f8f7   Thumb Code   148  co_pdo.o(.text)
    icoTrPdoMapChanged                       0x0800f98b   Thumb Code    24  co_pdo.o(.text)
    icoPdoOperational                        0x0800f9a3   Thumb Code    48  co_pdo.o(.text)
    icoPdoPreOperational                     0x0800f9d3   Thumb Code    40  co_pdo.o(.text)
    icoPdoReset                              0x0800f9fb   Thumb Code    80  co_pdo.o(.text)
    icoPdoSetDefaultValue                    0x0800fa4b   Thumb Code   230  co_pdo.o(.text)
    icoPdoVarInit                            0x0800fb31   Thumb Code     8  co_pdo.o(.text)
    coPdoTransmitInit                        0x0800fb39   Thumb Code   210  co_pdo.o(.text)
    icoQueueGetReceiveMessage                0x0800fc19   Thumb Code   190  co_queue.o(.text)
    coQueueReceiveMessageAvailable           0x0800fcd7   Thumb Code    20  co_queue.o(.text)
    coQueueGetReceiveBuffer                  0x0800fceb   Thumb Code    44  co_queue.o(.text)
    coQueueReceiveBufferIsFilled             0x0800fd17   Thumb Code    50  co_queue.o(.text)
    icoTransmitMessage                       0x0800fe01   Thumb Code   346  co_queue.o(.text)
    icoQueueInhibitActive                    0x0800ff5b   Thumb Code    60  co_queue.o(.text)
    coQueueGetNextTransmitMessage            0x0800fff9   Thumb Code    84  co_queue.o(.text)
    coQueueMsgTransmitted                    0x0801004d   Thumb Code    10  co_queue.o(.text)
    icoQueueHandler                          0x08010065   Thumb Code   156  co_queue.o(.text)
    icoQueueDeleteInhibit                    0x08010101   Thumb Code    36  co_queue.o(.text)
    icoQueueDisable                          0x08010125   Thumb Code    12  co_queue.o(.text)
    coQueueInit                              0x08010131   Thumb Code    80  co_queue.o(.text)
    icoQueueVarInit                          0x08010181   Thumb Code    36  co_queue.o(.text)
    icoSdoDeCodeMultiplexer                  0x080101d9   Thumb Code    16  co_sdoserv.o(.text)
    icoSdoServerAbort                        0x080101e9   Thumb Code   108  co_sdoserv.o(.text)
    icoSdoCheckUserReadInd                   0x0801039d   Thumb Code   104  co_sdoserv.o(.text)
    icoSdoCheckUserWriteInd                  0x080104eb   Thumb Code   100  co_sdoserv.o(.text)
    icoSdoCheckUserCheckWriteInd             0x08010649   Thumb Code    98  co_sdoserv.o(.text)
    icoSdoServerHandler                      0x08010865   Thumb Code   174  co_sdoserv.o(.text)
    icoSdoServerPtr                          0x0801093f   Thumb Code    34  co_sdoserv.o(.text)
    coEventRegister_SDO_SERVER_READ          0x08010961   Thumb Code    36  co_sdoserv.o(.text)
    coEventRegister_SDO_SERVER_CHECK_WRITE   0x08010985   Thumb Code    36  co_sdoserv.o(.text)
    coEventRegister_SDO_SERVER_WRITE         0x080109a9   Thumb Code    36  co_sdoserv.o(.text)
    icoSdoDomainUserWriteInd                 0x080109cd   Thumb Code     2  co_sdoserv.o(.text)
    icoSdoGetObjectAddr                      0x080109cf   Thumb Code   130  co_sdoserv.o(.text)
    icoSdoCheckObjLimitNode                  0x08010a51   Thumb Code    30  co_sdoserv.o(.text)
    icoSdoCheckObjLimitCobId                 0x08010a6f   Thumb Code   156  co_sdoserv.o(.text)
    icoSdoObjChanged                         0x08010b0b   Thumb Code   118  co_sdoserv.o(.text)
    icoSdoServerReset                        0x08010b81   Thumb Code   140  co_sdoserv.o(.text)
    icoSdoServerSetDefaultValue              0x08010c0d   Thumb Code   134  co_sdoserv.o(.text)
    icoSdoServerVarInit                      0x08010c93   Thumb Code    34  co_sdoserv.o(.text)
    coSdoServerInit                          0x08010cb5   Thumb Code   140  co_sdoserv.o(.text)
    coSleepModeStart                         0x08010dd7   Thumb Code    40  co_sleep.o(.text)
    icoSleepMsgHandler                       0x08010dff   Thumb Code   138  co_sleep.o(.text)
    coSleepWakeUp                            0x08010ead   Thumb Code   118  co_sleep.o(.text)
    coSleepAwake                             0x08010f23   Thumb Code    38  co_sleep.o(.text)
    coSleepModeActive                        0x08010f49   Thumb Code     6  co_sleep.o(.text)
    coSleepRequestSleep                      0x08010f4f   Thumb Code    28  co_sleep.o(.text)
    coEventRegister_SLEEP                    0x08010f6b   Thumb Code    36  co_sleep.o(.text)
    icoSleepReset                            0x08010f8f   Thumb Code    56  co_sleep.o(.text)
    icoSleepVarInit                          0x08010fc7   Thumb Code    30  co_sleep.o(.text)
    icoSleepInit                             0x08010fe5   Thumb Code   136  co_sleep.o(.text)
    coCanOpenStackVarInit                    0x080110a1   Thumb Code    82  co_stackinit.o(.text)
    icoStoreLoadReq                          0x080110f5   Thumb Code    50  co_store.o(.text)
    coEventRegister_LOAD_PARA                0x08011127   Thumb Code    42  co_store.o(.text)
    icoSyncHandler                           0x08011195   Thumb Code    24  co_sync.o(.text)
    icoSyncGetObjectAddr                     0x0801120b   Thumb Code    48  co_sync.o(.text)
    icoSyncCheckObjLimit_u8                  0x0801123b   Thumb Code    36  co_sync.o(.text)
    icoSyncCheckObjLimit_u32                 0x0801125f   Thumb Code    70  co_sync.o(.text)
    icoSyncObjChanged                        0x080112a5   Thumb Code   214  co_sync.o(.text)
    coEventRegister_SYNC                     0x0801137b   Thumb Code    42  co_sync.o(.text)
    coEventRegister_SYNC_FINISHED            0x080113a5   Thumb Code    36  co_sync.o(.text)
    icoSyncReset                             0x080113c9   Thumb Code    12  co_sync.o(.text)
    icoSyncVarInit                           0x080113d5   Thumb Code    48  co_sync.o(.text)
    icoSyncSetDefaultValue                   0x08011405   Thumb Code   102  co_sync.o(.text)
    coSyncInit                               0x0801146b   Thumb Code    60  co_sync.o(.text)
    coTimerStop                              0x0801153d   Thumb Code    48  co_timer.o(.text)
    coTimerStart                             0x0801156d   Thumb Code    92  co_timer.o(.text)
    coTimerIsActive                          0x080115c9   Thumb Code    26  co_timer.o(.text)
    coTimerAttrChange                        0x080115e3   Thumb Code     4  co_timer.o(.text)
    coTimerTick                              0x080115e7   Thumb Code    20  co_timer.o(.text)
    icoTimerCheck                            0x080115fb   Thumb Code   126  co_timer.o(.text)
    coTimerInit                              0x08011679   Thumb Code    16  co_timer.o(.text)
    codrvCanEnable                           0x08011697   Thumb Code     4  codrv_can_generic.o(.text)
    codrvCanDisable                          0x080116c7   Thumb Code    10  codrv_can_generic.o(.text)
    codrvCanSetBitRate                       0x080116d1   Thumb Code    40  codrv_can_generic.o(.text)
    codrvCanInit                             0x08011723   Thumb Code    16  codrv_can_generic.o(.text)
    codrvCanReInit                           0x08011733   Thumb Code    16  codrv_can_generic.o(.text)
    codrvCanTransmitInterrupt                0x08011761   Thumb Code    52  codrv_can_generic.o(.text)
    codrvCanStartTransmission                0x08011795   Thumb Code    16  codrv_can_generic.o(.text)
    codrvCanReceiveInterrupt                 0x080117a5   Thumb Code    68  codrv_can_generic.o(.text)
    codrvCanDriverHandler                    0x08011815   Thumb Code    12  codrv_can_generic.o(.text)
    codrvHardwareCanInit                     0x08011831   Thumb Code     2  codrv_cpu_generic.o(.text)
    codrvHardwareInit                        0x08011833   Thumb Code     8  codrv_cpu_generic.o(.text)
    codrvCanEnableInterrupt                  0x0801183b   Thumb Code     2  codrv_cpu_generic.o(.text)
    codrvCanDisableInterrupt                 0x0801183d   Thumb Code     2  codrv_cpu_generic.o(.text)
    codrvCanSetTxInterrupt                   0x0801183f   Thumb Code     2  codrv_cpu_generic.o(.text)
    codrvTimerSetup                          0x08011841   Thumb Code     6  codrv_cpu_generic.o(.text)
    codrvTimerISR                            0x08011847   Thumb Code     8  codrv_cpu_generic.o(.text)
    codrvCanErrorGetFlags                    0x08011851   Thumb Code     4  codrv_error.o(.text)
    codrvCanErrorInit                        0x08011855   Thumb Code    22  codrv_error.o(.text)
    codrvCanErrorInformStack                 0x0801186b   Thumb Code   194  codrv_error.o(.text)
    ebBatteryStateChange                     0x08011931   Thumb Code   252  eb_battery.o(.text)
    ebBatteryStateTransition                 0x08011a2d   Thumb Code    52  eb_battery.o(.text)
    ebRegister_BAT_STATE                     0x08011a61   Thumb Code    24  eb_battery.o(.text)
    fillEBBattVoltage                        0x08011a79   Thumb Code   338  eb_battery.o(.text)
    ebRegister_EEPROM                        0x08011be5   Thumb Code    30  eb_eeprom.o(.text)
    iebEepromLoad                            0x08011c03   Thumb Code    48  eb_eeprom.o(.text)
    iebEepromSave                            0x08011c33   Thumb Code    48  eb_eeprom.o(.text)
    ebFrameworkInit                          0x08011c6d   Thumb Code   154  eb_framework.o(.text)
    iebGetPdoMessageOffs                     0x08011d07   Thumb Code   174  eb_framework.o(.text)
    iebUpdateDeviceTPdos                     0x08011db5   Thumb Code   116  eb_framework.o(.text)
    iebUpdateStandardTPdos                   0x08011e29   Thumb Code   136  eb_framework.o(.text)
    iebGetDevIdxFromSubIndex                 0x08011eb1   Thumb Code    16  eb_framework.o(.text)
    ebGetEbDataPtr                           0x08011ec1   Thumb Code    68  eb_framework.o(.text)
    ebRequestEbDataRead                      0x08011f57   Thumb Code    76  eb_framework.o(.text)
    ebRequestEbDataWrite                     0x08011fa3   Thumb Code   102  eb_framework.o(.text)
    ebRequestObjectRead                      0x08012009   Thumb Code    76  eb_framework.o(.text)
    ebRequestObjectWrite                     0x08012055   Thumb Code   126  eb_framework.o(.text)
    ebRequestNodeId                          0x080120d3   Thumb Code    58  eb_framework.o(.text)
    ebSetupRecPdoMSN_1                       0x080121cb   Thumb Code    70  eb_framework.o(.text)
    ebSetupRecPdoMSN_2                       0x08012211   Thumb Code    44  eb_framework.o(.text)
    ebSetupRecPdoMSN_3                       0x0801223d   Thumb Code    52  eb_framework.o(.text)
    iebResponseTransferData                  0x080122e3   Thumb Code    94  eb_framework.o(.text)
    iebSleepInd                              0x08012351   Thumb Code    98  eb_indication.o(.text)
    iebIndInit                               0x080125c3   Thumb Code    92  eb_indication.o(.text)
    ebRegister_NMT                           0x0801261f   Thumb Code    20  eb_indication.o(.text)
    ebRegister_EBCMON                        0x08012633   Thumb Code    20  eb_indication.o(.text)
    ebRegister_ERRCTRL                       0x08012647   Thumb Code    20  eb_indication.o(.text)
    ebRegister_SYNC                          0x0801265b   Thumb Code    20  eb_indication.o(.text)
    ebRegister_SYNC_FINISHED                 0x0801266f   Thumb Code    20  eb_indication.o(.text)
    ebRegister_STATE                         0x08012683   Thumb Code    24  eb_indication.o(.text)
    ebRegister_SDO_WRITE                     0x0801269b   Thumb Code    20  eb_indication.o(.text)
    ebRegister_SDO_READ                      0x080126af   Thumb Code    20  eb_indication.o(.text)
    ebRegister_PDO                           0x080126c3   Thumb Code    20  eb_indication.o(.text)
    ebRegister_COMM_EVENT                    0x080126d7   Thumb Code    22  eb_indication.o(.text)
    ebRegister_CAN_STATE                     0x080126ed   Thumb Code    22  eb_indication.o(.text)
    ebRegister_SLEEP                         0x08012703   Thumb Code    20  eb_indication.o(.text)
    iebLoadIndInit                           0x08012717   Thumb Code     6  eb_indication.o(.text)
    iebLoadInd                               0x0801271d   Thumb Code    28  eb_indication.o(.text)
    ebSleepAwake                             0x08012739   Thumb Code    44  eb_indication.o(.text)
    iebStateCheckChange                      0x08012849   Thumb Code   198  eb_state.o(.text)
    ebStateChange                            0x0801290f   Thumb Code   316  eb_state.o(.text)
    ebStateTransition                        0x08012a4b   Thumb Code    94  eb_state.o(.text)
    iebStateCheckTransition                  0x08012aa9   Thumb Code    52  eb_state.o(.text)
    iebStateSetIndication                    0x08012add   Thumb Code    24  eb_state.o(.text)
    coCanOpenStackInit                       0x08012b19   Thumb Code   260  gen_objdict.o(.text)
    indNmt                                   0x08012c45   Thumb Code     2  usr_ind.o(.text)
    indEbcMon                                0x08012c47   Thumb Code    14  usr_ind.o(.text)
    indEbState                               0x08012c55   Thumb Code     2  usr_ind.o(.text)
    indEbCheckState                          0x08012c57   Thumb Code     6  usr_ind.o(.text)
    indBatState                              0x08012c5d   Thumb Code     2  usr_ind.o(.text)
    indBatCheckState                         0x08012c5f   Thumb Code     6  usr_ind.o(.text)
    indSdoWrite                              0x08012c65   Thumb Code     2  usr_ind.o(.text)
    indCanState                              0x08012c67   Thumb Code     2  usr_ind.o(.text)
    indErrorHandler                          0x08012c69   Thumb Code     2  usr_ind.o(.text)
    eepromWriteInd                           0x08012c6b   Thumb Code     6  usr_ind.o(.text)
    eepromReadInd                            0x08012c71   Thumb Code     6  usr_ind.o(.text)
    sleepInd                                 0x08012c77   Thumb Code     6  usr_ind.o(.text)
    __aeabi_uldivmod                         0x08012c7d   Thumb Code    98  uldiv.o(.text)
    __aeabi_memcpy                           0x08012cdf   Thumb Code    36  memcpya.o(.text)
    __aeabi_memcpy4                          0x08012cdf   Thumb Code     0  memcpya.o(.text)
    __aeabi_memcpy8                          0x08012cdf   Thumb Code     0  memcpya.o(.text)
    __aeabi_memset                           0x08012d03   Thumb Code    14  memseta.o(.text)
    __aeabi_memset4                          0x08012d03   Thumb Code     0  memseta.o(.text)
    __aeabi_memset8                          0x08012d03   Thumb Code     0  memseta.o(.text)
    __aeabi_memclr                           0x08012d11   Thumb Code     4  memseta.o(.text)
    __aeabi_memclr4                          0x08012d11   Thumb Code     0  memseta.o(.text)
    __aeabi_memclr8                          0x08012d11   Thumb Code     0  memseta.o(.text)
    _memset$wrapper                          0x08012d15   Thumb Code    20  memseta.o(.text)
    strlen                                   0x08012d29   Thumb Code    16  strlen.o(.text)
    strncmp                                  0x08012d39   Thumb Code    30  strncmp.o(.text)
    __aeabi_dmul                             0x08012d57   Thumb Code   224  dmul.o(.text)
    __aeabi_ddiv                             0x08012e37   Thumb Code   222  ddiv.o(.text)
    __aeabi_ui2d                             0x08012f15   Thumb Code    26  dfltui.o(.text)
    __aeabi_d2f                              0x08012f2f   Thumb Code    56  d2f.o(.text)
    __aeabi_llsl                             0x08012f67   Thumb Code    30  llshl.o(.text)
    _ll_shift_l                              0x08012f67   Thumb Code     0  llshl.o(.text)
    __aeabi_llsr                             0x08012f85   Thumb Code    32  llushr.o(.text)
    _ll_ushift_r                             0x08012f85   Thumb Code     0  llushr.o(.text)
    __I$use$fp                               0x08012fa5   Thumb Code     0  iusefp.o(.text)
    _float_round                             0x08012fa5   Thumb Code    18  fepilogue.o(.text)
    _float_epilogue                          0x08012fb7   Thumb Code    90  fepilogue.o(.text)
    _double_round                            0x08013011   Thumb Code    26  depilogue.o(.text)
    _double_epilogue                         0x0801302b   Thumb Code   164  depilogue.o(.text)
    __scatterload                            0x080130d1   Thumb Code    28  init.o(.text)
    __scatterload_rt2                        0x080130d1   Thumb Code     0  init.o(.text)
    __decompress                             0x080130f5   Thumb Code     0  __dczerorl2.o(.text)
    __decompress1                            0x080130f5   Thumb Code    92  __dczerorl2.o(.text)
    __0sprintf$5                             0x08013151   Thumb Code    34  printf5.o(i.__0sprintf$5)
    __1sprintf$5                             0x08013151   Thumb Code     0  printf5.o(i.__0sprintf$5)
    __2sprintf                               0x08013151   Thumb Code     0  printf5.o(i.__0sprintf$5)
    __scatterload_copy                       0x08013179   Thumb Code    14  handlers.o(i.__scatterload_copy)
    __scatterload_null                       0x08013187   Thumb Code     2  handlers.o(i.__scatterload_null)
    __scatterload_zeroinit                   0x08013189   Thumb Code    14  handlers.o(i.__scatterload_zeroinit)
    CAN_baud_table                           0x08013498   Data         360  bsp_can.o(.constdata)
    OSUnMapTbl                               0x08013600   Data         256  os_core.o(.constdata)
    batTransTable                            0x08013898   Data          24  eb_battery.o(.constdata)
    pdoAssign                                0x080138b0   Data         168  eb_framework.o(.constdata)
    transTable                               0x08013958   Data          24  eb_state.o(.constdata)
    od_description                           0x08013b58   Data        2184  gen_objdict.o(.constdata)
    od_assign                                0x080143e0   Data         456  gen_objdict.o(.constdata)
    od_data_variables                        0x08014644   Data         116  gen_objdict.o(.constdata)
    Region$$Table$$Base                      0x080146cc   Number         0  anon$$obj.o(Region$$Table)
    Region$$Table$$Limit                     0x080146ec   Number         0  anon$$obj.o(Region$$Table)
    main_loop_count                          0x20000000   Data           4  main.o(.data)
    sem_CAN1_rec_flag                        0x2000001c   Data           4  task_can1.o(.data)
    i                                        0x20000020   Data           4  task_adc.o(.data)
    Temprature_Table                         0x20000024   Data         120  task_adc.o(.data)
    temp_table_JT103                         0x2000009c   Data          72  task_adc.o(.data)
    f_curr_adc_0                             0x200000e4   Data           4  task_adc.o(.data)
    sem_U4_rec_flag                          0x200000e8   Data           4  task_avchg.o(.data)
    vcuInfo                                  0x200000fc   Data           4  task_main.o(.data)
    gWkSrc                                   0x20000100   Data           1  task_main.o(.data)
    main_task_timer                          0x20000104   Data           4  task_main.o(.data)
    mTsk_rt                                  0x20000108   Data           4  task_main.o(.data)
    fault_flag                               0x2000010c   Data           4  task_syscheck.o(.data)
    sem_vcu_can_rev                          0x20000118   Data           4  task_syscheck.o(.data)
    sem_bmu_can_rev                          0x2000011c   Data           4  task_syscheck.o(.data)
    sem_fault_clr                            0x20000120   Data           4  task_syscheck.o(.data)
    crc15_poly                               0x20000128   Data           2  task_ltc.o(.data)
    pec                                      0x2000013d   Data           1  task_ltc.o(.data)
    pec16                                    0x2000013e   Data           2  task_ltc.o(.data)
    sem_CAN2_rec_flag                        0x20000148   Data           4  task_can2.o(.data)
    sem_CAN2_send_flag                       0x2000014c   Data           4  task_can2.o(.data)
    c2_d                                     0x20000150   Data           8  task_can2.o(.data)
    C1_wait_num                              0x20000158   Data           1  bsp_can.o(.data)
    C2_wait_num                              0x20000159   Data           1  bsp_can.o(.data)
    can1_rec_flag                            0x2000015a   Data           1  bsp_can.o(.data)
    can2_rec_flag                            0x2000015b   Data           1  bsp_can.o(.data)
    CAN2_data                                0x2000015d   Data           8  bsp_can.o(.data)
    dma_trig_cnt                             0x20000168   Data           4  bsp_adc.o(.data)
    ADC_dma_ready_flag                       0x2000016c   Data           1  bsp_adc.o(.data)
    RS232_REC_Flag                           0x20000170   Data           1  bsp_sci.o(.data)
    RS232_rec_counter                        0x20000174   Data           4  bsp_sci.o(.data)
    RS232_send_data_length                   0x20000178   Data           2  bsp_sci.o(.data)
    U4_REC_Flag                              0x2000017a   Data           1  bsp_sci.o(.data)
    U4_rec_counter                           0x2000017c   Data           4  bsp_sci.o(.data)
    U4_send_data_length                      0x20000180   Data           2  bsp_sci.o(.data)
    NVIC_InitStructure                       0x20000182   Data           4  bsp_sci.o(.data)
    RS232_dma_send_flag                      0x20000186   Data           1  dma.o(.data)
    U4_dma_send_flag                         0x20000187   Data           1  dma.o(.data)
    RecvLen                                  0x20000190   Data           2  bsp_wifi.o(.data)
    SystemCoreClock                          0x200001a4   Data           4  system_stm32f4xx.o(.data)
    AHBPrescTable                            0x200001a8   Data          16  system_stm32f4xx.o(.data)
    OSCtxSwCtr                               0x200001b8   Data           4  os_core.o(.data)
    OSEventFreeList                          0x200001bc   Data           4  os_core.o(.data)
    OSFlagFreeList                           0x200001c0   Data           4  os_core.o(.data)
    OSCPUUsage                               0x200001c4   Data           1  os_core.o(.data)
    OSIdleCtrMax                             0x200001c8   Data           4  os_core.o(.data)
    OSIdleCtrRun                             0x200001cc   Data           4  os_core.o(.data)
    OSStatRdy                                0x200001d0   Data           1  os_core.o(.data)
    OSIntNesting                             0x200001d1   Data           1  os_core.o(.data)
    OSLockNesting                            0x200001d2   Data           1  os_core.o(.data)
    OSPrioCur                                0x200001d3   Data           1  os_core.o(.data)
    OSPrioHighRdy                            0x200001d4   Data           1  os_core.o(.data)
    OSRdyGrp                                 0x200001d5   Data           1  os_core.o(.data)
    OSRdyTbl                                 0x200001d6   Data           8  os_core.o(.data)
    OSRunning                                0x200001de   Data           1  os_core.o(.data)
    OSTaskCtr                                0x200001df   Data           1  os_core.o(.data)
    OSIdleCtr                                0x200001e0   Data           4  os_core.o(.data)
    OSTCBCur                                 0x200001e4   Data           4  os_core.o(.data)
    OSTCBFreeList                            0x200001e8   Data           4  os_core.o(.data)
    OSTCBHighRdy                             0x200001ec   Data           4  os_core.o(.data)
    OSTCBList                                0x200001f0   Data           4  os_core.o(.data)
    OSTickStepState                          0x200001f4   Data           1  os_core.o(.data)
    OSMemFreeList                            0x200001f8   Data           4  os_core.o(.data)
    OSQFreeList                              0x200001fc   Data           4  os_core.o(.data)
    OSTime                                   0x20000200   Data           4  os_core.o(.data)
    TimingDelay                              0x20000204   Data           4  systick.o(.data)
    CCR1_Val                                 0x20000208   Data           2  timer.o(.data)
    CCR2_Val                                 0x2000020a   Data           2  timer.o(.data)
    CCR3_Val                                 0x2000020c   Data           2  timer.o(.data)
    CCR4_Val                                 0x2000020e   Data           2  timer.o(.data)
    emtasVendorId                            0x20000380   Data           4  eb_framework.o(.data)
    emtasCANopenVersion                      0x20000384   Data           4  eb_framework.o(.data)
    emtasEbFwVersion                         0x20000388   Data           4  eb_framework.o(.data)
    gSysCfg                                  0x200003c0   Data          68  main.o(.bss)
    Stk_TaskStartUp                          0x20000404   Data        4000  main.o(.bss)
    bmu                                      0x20001448   Data        1240  appbmu.o(.bss)
    Stk_Task_CAN1                            0x20001920   Data        8000  task_can1.o(.bss)
    Stk_Task_CO_EB                           0x20003860   Data        8000  task_can1.o(.bss)
    ad_res                                   0x200057a0   Data          18  task_adc.o(.bss)
    f_adc_value                              0x200057b4   Data          64  task_adc.o(.bss)
    sysInfo                                  0x200057f4   Data         408  task_main.o(.bss)
    Stk_Task_Main                            0x2000598c   Data        8000  task_main.o(.bss)
    bpInfo                                   0x200078cc   Data          84  task_main.o(.bss)
    Stk_Task_LTC                             0x20007920   Data        8000  task_ltc.o(.bss)
    ltcCfg                                   0x20009860   Data          12  task_ltc.o(.bss)
    spi2RevBuf                               0x2000986c   Data         260  task_ltc.o(.bss)
    spi1RevBuf                               0x20009970   Data         260  task_ltc.o(.bss)
    moduleInfo                               0x20009a74   Data         212  task_ltc.o(.bss)
    pec15Table                               0x20009b48   Data         512  task_ltc.o(.bss)
    uiSrc                                    0x20009d48   Data          40  task_ltc.o(.bss)
    Stk_Task_CAN2_Rev                        0x20009d70   Data        1600  task_can2.o(.bss)
    Stk_Task_CAN2_Snd2Buf                    0x2000a3b0   Data        1600  task_can2.o(.bss)
    Stk_Task_CAN_Send                        0x2000a9f0   Data        1600  task_can2.o(.bss)
    CAN1RxMsg                                0x2000b030   Data          20  bsp_can.o(.bss)
    CAN2RxMsg                                0x2000b044   Data          20  bsp_can.o(.bss)
    CAN1TxBuf                                0x2000b058   Data         600  bsp_can.o(.bss)
    CAN2TxBuf                                0x2000b2b0   Data         600  bsp_can.o(.bss)
    ADC_REV_Instant                          0x2000b508   Data          32  bsp_adc.o(.bss)
    ADC_REV_SUM                              0x2000b528   Data          64  bsp_adc.o(.bss)
    RS232_buff                               0x2000b568   Data        1024  bsp_sci.o(.bss)
    U4_buff                                  0x2000b968   Data        1024  bsp_sci.o(.bss)
    RS232_send_data                          0x2000bd68   Data        1024  dma.o(.bss)
    U4_send_data                             0x2000c168   Data        1024  dma.o(.bss)
    RecvBUF                                  0x2000c568   Data         512  bsp_wifi.o(.bss)
    OSEventTbl                               0x2000c768   Data         240  os_core.o(.bss)
    OSFlagTbl                                0x2000c858   Data          80  os_core.o(.bss)
    OSTaskStatStk                            0x2000c8a8   Data         512  os_core.o(.bss)
    OSTaskIdleStk                            0x2000caa8   Data         512  os_core.o(.bss)
    OSTCBPrioTbl                             0x2000cca8   Data         256  os_core.o(.bss)
    OSTCBTbl                                 0x2000cda8   Data        1936  os_core.o(.bss)
    OSMemTbl                                 0x2000d538   Data         120  os_core.o(.bss)
    OSQTbl                                   0x2000d5b0   Data          96  os_core.o(.bss)
    ebBatData                                0x2000de2c   Data         144  eb_battery.o(.bss)
    ebData                                   0x2000debc   Data          68  eb_framework.o(.bss)
    dataReqEbc                               0x2000df00   Data          12  eb_framework.o(.bss)
    dataRespEbc                              0x2000df0c   Data          16  eb_framework.o(.bss)
    reqData                                  0x2000df1c   Data          16  eb_framework.o(.bss)
    __initial_sp                             0x2000e370   Data           0  startup_stm32f4xx.o(STACK)



==============================================================================

Memory Map of the image

  Image Entry point : 0x08000189

  Load Region LR_IROM1 (Base: 0x08000000, Size: 0x00014aac, Max: 0x00080000, ABSOLUTE, COMPRESSED[0x000147c8])

    Execution Region ER_IROM1 (Base: 0x08000000, Size: 0x000146ec, Max: 0x00080000, ABSOLUTE)

    Base Addr    Size         Type   Attr      Idx    E Section Name        Object

    0x08000000   0x00000188   Data   RO         1528    RESET               startup_stm32f4xx.o
    0x08000188   0x00000000   Code   RO         2450  * .ARM.Collect$$$$00000000  mc_w.l(entry.o)
    0x08000188   0x00000004   Code   RO         2738    .ARM.Collect$$$$00000001  mc_w.l(entry2.o)
    0x0800018c   0x00000004   Code   RO         2741    .ARM.Collect$$$$00000004  mc_w.l(entry5.o)
    0x08000190   0x00000000   Code   RO         2743    .ARM.Collect$$$$00000008  mc_w.l(entry7b.o)
    0x08000190   0x00000008   Code   RO         2744    .ARM.Collect$$$$00000009  mc_w.l(entry8.o)
    0x08000198   0x00000004   Code   RO         2739    .ARM.Collect$$$$00002712  mc_w.l(entry2.o)
    0x0800019c   0x00000124   Code   RO            2    .text               main.o
    0x080002c0   0x0000196c   Code   RO          279    .text               appbmu.o
    0x08001c2c   0x00000060   Code   RO          341    .text               task_can1.o
    0x08001c8c   0x000004c0   Code   RO          430    .text               task_adc.o
    0x0800214c   0x0000015c   Code   RO          483    .text               task_eflash.o
    0x080022a8   0x000000e0   Code   RO          502    .text               appconfig.o
    0x08002388   0x000000c8   Code   RO          518    .text               task_main.o
    0x08002450   0x000004b8   Code   RO          596    .text               co_battery.o
    0x08002908   0x00000e18   Code   RO          701    .text               task_ltc.o
    0x08003720   0x000002e8   Code   RO          725    .text               task_can2.o
    0x08003a08   0x00000038   Code   RO          757    .text               bsp_global.o
    0x08003a40   0x0000019c   Code   RO          773    .text               nvic.o
    0x08003bdc   0x00000234   Code   RO          805    .text               bsp_gpio.o
    0x08003e10   0x0000022c   Code   RO          821    .text               bsp_can.o
    0x0800403c   0x00000228   Code   RO          845    .text               bsp_adc.o
    0x08004264   0x0000039c   Code   RO          876    .text               bsp_sci.o
    0x08004600   0x00000254   Code   RO          900    .text               dma.o
    0x08004854   0x0000008c   Code   RO          924    .text               flashdriver.o
    0x080048e0   0x0000087c   Code   RO          942    .text               sst25vf016b.o
    0x0800515c   0x0000002c   Code   RO          962    .text               bsp_wdg.o
    0x08005188   0x00000660   Code   RO          978    .text               bsp_wifi.o
    0x080057e8   0x000000e4   Code   RO         1029    .text               misc.o
    0x080058cc   0x00000474   Code   RO         1045    .text               stm32f4xx_adc.o
    0x08005d40   0x000009f4   Code   RO         1061    .text               stm32f4xx_can.o
    0x08006734   0x000003b0   Code   RO         1205    .text               stm32f4xx_dma.o
    0x08006ae4   0x0000024c   Code   RO         1269    .text               stm32f4xx_gpio.o
    0x08006d30   0x00000040   Code   RO         1349    .text               stm32f4xx_iwdg.o
    0x08006d70   0x00000578   Code   RO         1381    .text               stm32f4xx_rcc.o
    0x080072e8   0x000000a0   Code   RO         1399    .text               stm32f4xx_rng.o
    0x08007388   0x00000400   Code   RO         1447    .text               stm32f4xx_spi.o
    0x08007788   0x00000c70   Code   RO         1479    .text               stm32f4xx_tim.o
    0x080083f8   0x00000422   Code   RO         1495    .text               stm32f4xx_usart.o
    0x0800881a   0x00000002   PAD
    0x0800881c   0x00000024   Code   RO         1529    .text               startup_stm32f4xx.o
    0x08008840   0x0000020c   Code   RO         1534    .text               system_stm32f4xx.o
    0x08008a4c   0x000000c4   Code   RO         1555    .text               os_cpu_a.o
    0x08008b10   0x0000014c   Code   RO         1559    .text               os_cpu_c.o
    0x08008c5c   0x00000cec   Code   RO         1594    .text               os_core.o
    0x08009948   0x000007f8   Code   RO         1618    .text               os_flag.o
    0x0800a140   0x000001d4   Code   RO         1650    .text               os_mem.o
    0x0800a314   0x000005e4   Code   RO         1682    .text               os_q.o
    0x0800a8f8   0x000003a8   Code   RO         1698    .text               os_sem.o
    0x0800aca0   0x0000083c   Code   RO         1714    .text               os_task.o
    0x0800b4dc   0x000001a4   Code   RO         1730    .text               os_time.o
    0x0800b680   0x000000b8   Code   RO         1756    .text               systick.o
    0x0800b738   0x0000018c   Code   RO         1775    .text               timer.o
    0x0800b8c4   0x00000310   Code   RO         1852    .text               co_cobhandler.o
    0x0800bbd4   0x00000268   Code   RO         1877    .text               co_commtask.o
    0x0800be3c   0x000002d0   Code   RO         1937    .text               co_emcy.o
    0x0800c10c   0x00000620   Code   RO         1954    .text               co_errctrl.o
    0x0800c72c   0x00000088   Code   RO         1969    .text               co_event.o
    0x0800c7b4   0x00000804   Code   RO         1992    .text               co_lss.o
    0x0800cfb8   0x00000364   Code   RO         2014    .text               co_nmt.o
    0x0800d31c   0x00001fc4   Code   RO         2057    .text               co_odaccess.o
    0x0800f2e0   0x00000938   Code   RO         2071    .text               co_pdo.o
    0x0800fc18   0x000005b0   Code   RO         2086    .text               co_queue.o
    0x080101c8   0x00000b8c   Code   RO         2116    .text               co_sdoserv.o
    0x08010d54   0x0000034c   Code   RO         2135    .text               co_sleep.o
    0x080110a0   0x00000052   Code   RO         2150    .text               co_stackinit.o
    0x080110f2   0x00000002   PAD
    0x080110f4   0x00000064   Code   RO         2171    .text               co_store.o
    0x08011158   0x00000380   Code   RO         2185    .text               co_sync.o
    0x080114d8   0x000001bc   Code   RO         2206    .text               co_timer.o
    0x08011694   0x0000019c   Code   RO         2227    .text               codrv_can_generic.o
    0x08011830   0x0000001e   Code   RO         2265    .text               codrv_cpu_generic.o
    0x0801184e   0x00000002   PAD
    0x08011850   0x000000e0   Code   RO         2280    .text               codrv_error.o
    0x08011930   0x000002b4   Code   RO         2310    .text               eb_battery.o
    0x08011be4   0x00000088   Code   RO         2347    .text               eb_eeprom.o
    0x08011c6c   0x000006e4   Code   RO         2361    .text               eb_framework.o
    0x08012350   0x00000454   Code   RO         2387    .text               eb_indication.o
    0x080127a4   0x00000374   Code   RO         2401    .text               eb_state.o
    0x08012b18   0x0000012c   Code   RO         2418    .text               gen_objdict.o
    0x08012c44   0x00000038   Code   RO         2438    .text               usr_ind.o
    0x08012c7c   0x00000062   Code   RO         2453    .text               mc_w.l(uldiv.o)
    0x08012cde   0x00000024   Code   RO         2455    .text               mc_w.l(memcpya.o)
    0x08012d02   0x00000026   Code   RO         2457    .text               mc_w.l(memseta.o)
    0x08012d28   0x00000010   Code   RO         2461    .text               mc_w.l(strlen.o)
    0x08012d38   0x0000001e   Code   RO         2465    .text               mc_w.l(strncmp.o)
    0x08012d56   0x000000e0   Code   RO         2730    .text               mf_w.l(dmul.o)
    0x08012e36   0x000000de   Code   RO         2732    .text               mf_w.l(ddiv.o)
    0x08012f14   0x0000001a   Code   RO         2734    .text               mf_w.l(dfltui.o)
    0x08012f2e   0x00000038   Code   RO         2736    .text               mf_w.l(d2f.o)
    0x08012f66   0x0000001e   Code   RO         2750    .text               mc_w.l(llshl.o)
    0x08012f84   0x00000020   Code   RO         2752    .text               mc_w.l(llushr.o)
    0x08012fa4   0x00000000   Code   RO         2754    .text               mc_w.l(iusefp.o)
    0x08012fa4   0x0000006c   Code   RO         2755    .text               mf_w.l(fepilogue.o)
    0x08013010   0x000000be   Code   RO         2757    .text               mf_w.l(depilogue.o)
    0x080130ce   0x00000002   PAD
    0x080130d0   0x00000024   Code   RO         2765    .text               mc_w.l(init.o)
    0x080130f4   0x0000005c   Code   RO         2779    .text               mc_w.l(__dczerorl2.o)
    0x08013150   0x00000028   Code   RO         2604    i.__0sprintf$5      mc_w.l(printf5.o)
    0x08013178   0x0000000e   Code   RO         2773    i.__scatterload_copy  mc_w.l(handlers.o)
    0x08013186   0x00000002   Code   RO         2774    i.__scatterload_null  mc_w.l(handlers.o)
    0x08013188   0x0000000e   Code   RO         2775    i.__scatterload_zeroinit  mc_w.l(handlers.o)
    0x08013196   0x00000002   PAD
    0x08013198   0x000002d0   Code   RO         2609    i._printf_core      mc_w.l(printf5.o)
    0x08013468   0x0000000a   Code   RO         2611    i._sputc            mc_w.l(printf5.o)
    0x08013472   0x00000002   PAD
    0x08013474   0x00000016   Data   RO          281    .constdata          appbmu.o
    0x0801348a   0x00000002   PAD
    0x0801348c   0x0000000a   Data   RO          520    .constdata          task_main.o
    0x08013496   0x00000002   PAD
    0x08013498   0x00000168   Data   RO          823    .constdata          bsp_can.o
    0x08013600   0x00000100   Data   RO         1596    .constdata          os_core.o
    0x08013700   0x00000040   Data   RO         1854    .constdata          co_cobhandler.o
    0x08013740   0x00000024   Data   RO         1878    .constdata          co_commtask.o
    0x08013764   0x00000014   Data   RO         1994    .constdata          co_lss.o
    0x08013778   0x000000d0   Data   RO         2118    .constdata          co_sdoserv.o
    0x08013848   0x00000050   Data   RO         2228    .constdata          codrv_can_generic.o
    0x08013898   0x00000018   Data   RO         2312    .constdata          eb_battery.o
    0x080138b0   0x000000a8   Data   RO         2363    .constdata          eb_framework.o
    0x08013958   0x00000018   Data   RO         2403    .constdata          eb_state.o
    0x08013970   0x00000d5c   Data   RO         2420    .constdata          gen_objdict.o
    0x080146cc   0x00000020   Data   RO         2771    Region$$Table       anon$$obj.o


    Execution Region RW_IRAM2 (Base: 0x10000000, Size: 0x00000000, Max: 0x00010000, ABSOLUTE)

    **** No section assigned to this execution region ****


    Execution Region RW_IRAM1 (Base: 0x20000000, Size: 0x0000e370, Max: 0x00020000, ABSOLUTE, COMPRESSED[0x000000dc])

    Base Addr    Size         Type   Attr      Idx    E Section Name        Object

    0x20000000   0x00000004   Data   RW            4    .data               main.o
    0x20000004   0x00000003   Data   RW          282    .data               appbmu.o
    0x20000007   0x00000001   PAD
    0x20000008   0x00000018   Data   RW          343    .data               task_can1.o
    0x20000020   0x000000c8   Data   RW          432    .data               task_adc.o
    0x200000e8   0x00000004   Data   RW          461    .data               task_avchg.o
    0x200000ec   0x00000020   Data   RW          521    .data               task_main.o
    0x2000010c   0x00000018   Data   RW          548    .data               task_syscheck.o
    0x20000124   0x00000004   PAD
    0x20000128   0x0000001c   Data   RW          703    .data               task_ltc.o
    0x20000144   0x00000014   Data   RW          727    .data               task_can2.o
    0x20000158   0x0000000d   Data   RW          824    .data               bsp_can.o
    0x20000165   0x00000003   PAD
    0x20000168   0x00000005   Data   RW          847    .data               bsp_adc.o
    0x2000016d   0x00000003   PAD
    0x20000170   0x00000016   Data   RW          878    .data               bsp_sci.o
    0x20000186   0x00000002   Data   RW          902    .data               dma.o
    0x20000188   0x00000008   Data   RW          925    .data               flashdriver.o
    0x20000190   0x00000002   Data   RW          980    .data               bsp_wifi.o
    0x20000192   0x00000010   Data   RW         1382    .data               stm32f4xx_rcc.o
    0x200001a2   0x00000002   PAD
    0x200001a4   0x00000014   Data   RW         1535    .data               system_stm32f4xx.o
    0x200001b8   0x0000004c   Data   RW         1597    .data               os_core.o
    0x20000204   0x00000004   Data   RW         1757    .data               systick.o
    0x20000208   0x00000008   Data   RW         1776    .data               timer.o
    0x20000210   0x00000002   Data   RW         1855    .data               co_cobhandler.o
    0x20000212   0x00000002   PAD
    0x20000214   0x00000010   Data   RW         1879    .data               co_commtask.o
    0x20000224   0x00000010   Data   RW         1938    .data               co_emcy.o
    0x20000234   0x0000000c   Data   RW         1956    .data               co_errctrl.o
    0x20000240   0x00000004   Data   RW         1970    .data               co_event.o
    0x20000244   0x00000018   Data   RW         1995    .data               co_lss.o
    0x2000025c   0x00000010   Data   RW         2015    .data               co_nmt.o
    0x2000026c   0x00000084   Data   RW         2058    .data               co_odaccess.o
    0x200002f0   0x00000002   Data   RW         2073    .data               co_pdo.o
    0x200002f2   0x00000002   PAD
    0x200002f4   0x00000012   Data   RW         2088    .data               co_queue.o
    0x20000306   0x00000002   PAD
    0x20000308   0x00000010   Data   RW         2119    .data               co_sdoserv.o
    0x20000318   0x00000012   Data   RW         2137    .data               co_sleep.o
    0x2000032a   0x00000002   PAD
    0x2000032c   0x00000008   Data   RW         2172    .data               co_store.o
    0x20000334   0x00000020   Data   RW         2187    .data               co_sync.o
    0x20000354   0x0000000c   Data   RW         2207    .data               co_timer.o
    0x20000360   0x00000008   Data   RW         2229    .data               codrv_can_generic.o
    0x20000368   0x00000006   Data   RW         2281    .data               codrv_error.o
    0x2000036e   0x00000002   PAD
    0x20000370   0x00000008   Data   RW         2313    .data               eb_battery.o
    0x20000378   0x00000008   Data   RW         2348    .data               eb_eeprom.o
    0x20000380   0x0000000c   Data   RW         2364    .data               eb_framework.o
    0x2000038c   0x00000024   Data   RW         2388    .data               eb_indication.o
    0x200003b0   0x00000008   Data   RW         2404    .data               eb_state.o
    0x200003b8   0x00000006   Data   RW         2421    .data               gen_objdict.o
    0x200003be   0x00000002   PAD
    0x200003c0   0x00000fe4   Zero   RW            3    .bss                main.o
    0x200013a4   0x00000004   PAD
    0x200013a8   0x00000578   Zero   RW          280    .bss                appbmu.o
    0x20001920   0x00003e80   Zero   RW          342    .bss                task_can1.o
    0x200057a0   0x00000054   Zero   RW          431    .bss                task_adc.o
    0x200057f4   0x0000212c   Zero   RW          519    .bss                task_main.o
    0x20007920   0x00002450   Zero   RW          702    .bss                task_ltc.o
    0x20009d70   0x000012c0   Zero   RW          726    .bss                task_can2.o
    0x2000b030   0x000004d8   Zero   RW          822    .bss                bsp_can.o
    0x2000b508   0x00000060   Zero   RW          846    .bss                bsp_adc.o
    0x2000b568   0x00000800   Zero   RW          877    .bss                bsp_sci.o
    0x2000bd68   0x00000800   Zero   RW          901    .bss                dma.o
    0x2000c568   0x00000200   Zero   RW          979    .bss                bsp_wifi.o
    0x2000c768   0x00000ea8   Zero   RW         1595    .bss                os_core.o
    0x2000d610   0x00000374   Zero   RW         1853    .bss                co_cobhandler.o
    0x2000d984   0x00000068   Zero   RW         1955    .bss                co_errctrl.o
    0x2000d9ec   0x00000040   Zero   RW         1993    .bss                co_lss.o
    0x2000da2c   0x0000009c   Zero   RW         2072    .bss                co_pdo.o
    0x2000dac8   0x000002f8   Zero   RW         2087    .bss                co_queue.o
    0x2000ddc0   0x00000024   Zero   RW         2117    .bss                co_sdoserv.o
    0x2000dde4   0x00000030   Zero   RW         2136    .bss                co_sleep.o
    0x2000de14   0x00000018   Zero   RW         2186    .bss                co_sync.o
    0x2000de2c   0x00000090   Zero   RW         2311    .bss                eb_battery.o
    0x2000debc   0x00000070   Zero   RW         2362    .bss                eb_framework.o
    0x2000df2c   0x00000024   Zero   RW         2402    .bss                eb_state.o
    0x2000df50   0x00000020   Zero   RW         2419    .bss                gen_objdict.o
    0x2000df70   0x00000400   Zero   RW         1526    STACK               startup_stm32f4xx.o


==============================================================================

Image component sizes


      Code (inc. data)   RO Data    RW Data    ZI Data      Debug   Object Name

      6508        106         22          3       1400      19450   appbmu.o
       224         26          0          0          0        886   appconfig.o
       552         44          0          5         96      19881   bsp_adc.o
       556         40        360         13       1240       2760   bsp_can.o
        56          6          0          0          0        463   bsp_global.o
       564         30          0          0          0       1209   bsp_gpio.o
       924         54          0         22       2048       3737   bsp_sci.o
        44          0          0          0          0        552   bsp_wdg.o
      1632        360          0          2        512       4084   bsp_wifi.o
      1208        112          0          0          0      22138   co_battery.o
       784         14         64          2        884       6670   co_cobhandler.o
       616         46         36         16          0       5772   co_commtask.o
       720         22          0         16          0       4425   co_emcy.o
      1568         62          0         12        104       7568   co_errctrl.o
       136          4          0          4          0       1976   co_event.o
      2052        130         20         24         64       7054   co_lss.o
       868         28          0         16          0       4886   co_nmt.o
      8132        708          0        132          0      23961   co_odaccess.o
      2360         32          0          2        156      11161   co_pdo.o
      1456         72          0         18        760       7179   co_queue.o
      2956         74        208         16         36      13041   co_sdoserv.o
       844         52          0         18         48       5304   co_sleep.o
        82          0          0          0          0       1324   co_stackinit.o
       100          8          0          8          0       1608   co_store.o
       896         50          0         32         24       5026   co_sync.o
       444         12          0         12          0       3507   co_timer.o
       412         16         80          8          0       5015   codrv_can_generic.o
        30          0          0          0          0       1427   codrv_cpu_generic.o
       224          4          0          6          0       1779   codrv_error.o
       596         36          0          2       2048       2128   dma.o
       692         26         24          8        144       5053   eb_battery.o
       136         10          0          8          0       1960   eb_eeprom.o
      1764         36        168         12        112      16075   eb_framework.o
      1108         70          0         36          0       7054   eb_indication.o
       884         36         24          8         36       4409   eb_state.o
       140          8          0          8          0       2226   flashdriver.o
       300         40       3420          6         32       2382   gen_objdict.o
       292         66          0          4       4068     347729   main.o
       228         22          0          0          0       1761   misc.o
       412          0          0          0          0        741   nvic.o
      3308        276        256         76       3752      19891   os_core.o
       196         32          0          0          0        272   os_cpu_a.o
       332         14          0          0          0       3360   os_cpu_c.o
      2040         42          0          0          0       7116   os_flag.o
       468         18          0          0          0       3176   os_mem.o
      1508         34          0          0          0       5681   os_q.o
       936         20          0          0          0       3998   os_sem.o
      2108         76          0          0          0       8029   os_task.o
       420         26          0          0          0       1822   os_time.o
      2172         48          0          0          0       4789   sst25vf016b.o
        36          8        392          0       1024        796   startup_stm32f4xx.o
      1140         30          0          0          0      10933   stm32f4xx_adc.o
      2548         38          0          0          0       8088   stm32f4xx_can.o
       944         32          0          0          0       6337   stm32f4xx_dma.o
       588         36          0          0          0       4041   stm32f4xx_gpio.o
        64          6          0          0          0       1313   stm32f4xx_iwdg.o
      1400         46          0         16          0      10935   stm32f4xx_rcc.o
       160          4          0          0          0       1780   stm32f4xx_rng.o
      1024         20          0          0          0       6813   stm32f4xx_spi.o
      3184         64          0          0          0      23028   stm32f4xx_tim.o
      1058         24          0          0          0       7816   stm32f4xx_usart.o
       524         44          0         20          0       1835   system_stm32f4xx.o
       184         18          0          4          0       2172   systick.o
      1216         76          0        200         84       3985   task_adc.o
         0          0          0          4          0        632   task_avchg.o
        96          6          0         24      16000      11832   task_can1.o
       744         66          0         20       4800      21991   task_can2.o
       348         20          0          0          0       1637   task_eflash.o
      3608        208          0         28       9296       9108   task_ltc.o
       200         38         10         32       8492       6501   task_main.o
         0          0          0         24          0       1821   task_syscheck.o
       396         28          0          8          0       1370   timer.o
        56          0          0          0          0       3093   usr_ind.o

    ----------------------------------------------------------------------
     76512       3860       5120        960      57264     791352   Object Totals
         0          0         32          0          0          0   (incl. Generated)
         6          0          4         25          4          0   (incl. Padding)

    ----------------------------------------------------------------------

      Code (inc. data)   RO Data    RW Data    ZI Data      Debug   Library Member Name

        92          0          0          0          0          0   __dczerorl2.o
         0          0          0          0          0          0   entry.o
         8          4          0          0          0          0   entry2.o
         4          0          0          0          0          0   entry5.o
         0          0          0          0          0          0   entry7b.o
         8          4          0          0          0          0   entry8.o
        30          0          0          0          0          0   handlers.o
        36          8          0          0          0         68   init.o
         0          0          0          0          0          0   iusefp.o
        30          0          0          0          0         68   llshl.o
        32          0          0          0          0         68   llushr.o
        36          0          0          0          0         68   memcpya.o
        38          0          0          0          0        108   memseta.o
       770         50          0          0          0        252   printf5.o
        16          0          0          0          0         68   strlen.o
        30          0          0          0          0         80   strncmp.o
        98          0          0          0          0         92   uldiv.o
        56          0          0          0          0         88   d2f.o
       222          0          0          0          0        100   ddiv.o
       190          0          0          0          0        176   depilogue.o
        26          0          0          0          0         76   dfltui.o
       224          0          0          0          0         96   dmul.o
       108          0          0          0          0        168   fepilogue.o

    ----------------------------------------------------------------------
      2060         66          0          0          0       1576   Library Totals
         6          0          0          0          0          0   (incl. Padding)

    ----------------------------------------------------------------------

      Code (inc. data)   RO Data    RW Data    ZI Data      Debug   Library Name

      1228         66          0          0          0        872   mc_w.l
       826          0          0          0          0        704   mf_w.l

    ----------------------------------------------------------------------
      2060         66          0          0          0       1576   Library Totals

    ----------------------------------------------------------------------

==============================================================================


      Code (inc. data)   RO Data    RW Data    ZI Data      Debug   

     78572       3926       5120        960      57264     775200   Grand Totals
     78572       3926       5120        220      57264     775200   ELF Image Totals (compressed)
     78572       3926       5120        220          0          0   ROM Totals

==============================================================================

    Total RO  Size (Code + RO Data)                83692 (  81.73kB)
    Total RW  Size (RW Data + ZI Data)             58224 (  56.86kB)
    Total ROM Size (Code + RO Data + RW Data)      83912 (  81.95kB)

==============================================================================

